// Jest Snapshot v1, https://goo.gl/fbAQLP

exports[`Map correctly renders 1`] = `
<div
  className="div-class"
  id="map"
/>
`;
