// Jest Snapshot v1, https://goo.gl/fbAQLP

exports[`ErrorMessage renders correctly 1`] = `
<p>
  <b>
    Test error
  </b>
</p>
`;
