// Jest Snapshot v1, https://goo.gl/fbAQLP

exports[`Page404 renders correctly 1`] = `
Array [
  <h1>
    404
  </h1>,
  <p>
    Page not found
  </p>,
  <a
    href="/"
    onClick={[Function]}
  >
    Go to main page &gt;&gt;&gt;
  </a>,
]
`;
